0 verbose cli /data/data/com.termux/files/usr/bin/node /data/data/com.termux/files/usr/bin/npm
1 info using npm@11.13.0
2 info using node@v25.8.2
3 silly config load:file:/data/data/com.termux/files/usr/lib/node_modules/npm/npmrc
4 silly config load:file:/data/data/com.termux/files/home/.npmrc
5 silly config load:file:/data/data/com.termux/files/usr/etc/npmrc
6 verbose title npm install node-fetch@2
7 verbose argv "install" "node-fetch@2"
8 verbose logfile logs-max:10 dir:/data/data/com.termux/files/home/.npm/_logs/2026-04-27T21_07_11_185Z-
9 verbose logfile /data/data/com.termux/files/home/.npm/_logs/2026-04-27T21_07_11_185Z-debug-0.log
10 silly logfile start cleaning logs, removing 1 files
11 silly logfile done cleaning log files
12 silly packumentCache heap:1174405120 maxSize:293601280 maxEntrySize:146800640
13 silly idealTree buildDeps
14 silly fetch manifest node-fetch@2
15 silly packumentCache full:https://registry.npmjs.org/node-fetch cache-miss
16 http fetch GET 200 https://registry.npmjs.org/node-fetch 420ms (cache revalidated)
17 silly packumentCache full:https://registry.npmjs.org/node-fetch set size:896010 disposed:false
18 silly fetch manifest encoding@^0.1.0
19 silly packumentCache full:https://registry.npmjs.org/encoding cache-miss
20 http fetch GET 200 https://registry.npmjs.org/encoding 60ms (cache revalidated)
21 silly packumentCache full:https://registry.npmjs.org/encoding set size:17833 disposed:false
22 silly placeDep ROOT node-fetch@2.7.0 OK for:  want: 2
23 silly fetch manifest whatwg-url@^5.0.0
24 silly packumentCache full:https://registry.npmjs.org/whatwg-url cache-miss
25 http fetch GET 200 https://registry.npmjs.org/whatwg-url 57ms (cache revalidated)
26 silly packumentCache full:https://registry.npmjs.org/whatwg-url set size:170765 disposed:false
27 silly placeDep ROOT whatwg-url@5.0.0 OK for: node-fetch@2.7.0 want: ^5.0.0
28 silly fetch manifest tr46@~0.0.3
29 silly packumentCache full:https://registry.npmjs.org/tr46 cache-miss
30 silly fetch manifest webidl-conversions@^3.0.0
31 silly packumentCache full:https://registry.npmjs.org/webidl-conversions cache-miss
32 http fetch GET 200 https://registry.npmjs.org/webidl-conversions 55ms (cache revalidated)
33 silly packumentCache full:https://registry.npmjs.org/webidl-conversions set size:46073 disposed:false
34 http fetch GET 200 https://registry.npmjs.org/tr46 135ms (cache revalidated)
35 silly packumentCache full:https://registry.npmjs.org/tr46 set size:47377 disposed:false
36 silly placeDep ROOT tr46@0.0.3 OK for: whatwg-url@5.0.0 want: ~0.0.3
37 silly placeDep ROOT webidl-conversions@3.0.1 OK for: whatwg-url@5.0.0 want: ^3.0.0
38 silly reify moves {}
39 silly audit bulk request {
39 silly audit   '@derhuerst/http-basic': [ '8.2.4' ],
39 silly audit   '@discordjs/builders': [ '1.14.1' ],
39 silly audit   '@discordjs/collection': [ '1.5.3', '2.1.1' ],
39 silly audit   '@discordjs/formatters': [ '0.6.2' ],
39 silly audit   '@discordjs/rest': [ '2.6.1' ],
39 silly audit   '@sapphire/snowflake': [ '3.5.5', '3.5.3' ],
39 silly audit   '@discordjs/util': [ '1.2.0' ],
39 silly audit   '@discordjs/voice': [ '0.19.2' ],
39 silly audit   '@discordjs/ws': [ '1.2.3' ],
39 silly audit   '@distube/ytdl-core': [ '4.16.12' ],
39 silly audit   'http-cookie-agent': [ '7.0.3' ],
39 silly audit   undici: [ '7.25.0', '6.24.1' ],
39 silly audit   '@emnapi/core': [ '1.10.0' ],
39 silly audit   '@emnapi/runtime': [ '1.10.0' ],
39 silly audit   '@emnapi/wasi-threads': [ '1.2.1' ],
39 silly audit   '@napi-rs/wasm-runtime': [ '1.1.4' ],
39 silly audit   '@sapphire/async-queue': [ '1.5.5' ],
39 silly audit   '@sapphire/shapeshift': [ '4.0.0' ],
39 silly audit   '@snazzah/davey': [ '0.1.11' ],
39 silly audit   '@snazzah/davey-android-arm-eabi': [ '0.1.11' ],
39 silly audit   '@snazzah/davey-android-arm64': [ '0.1.11' ],
39 silly audit   '@snazzah/davey-darwin-arm64': [ '0.1.11' ],
39 silly audit   '@snazzah/davey-darwin-x64': [ '0.1.11' ],
39 silly audit   '@snazzah/davey-freebsd-x64': [ '0.1.11' ],
39 silly audit   '@snazzah/davey-linux-arm-gnueabihf': [ '0.1.11' ],
39 silly audit   '@snazzah/davey-linux-arm64-gnu': [ '0.1.11' ],
39 silly audit   '@snazzah/davey-linux-arm64-musl': [ '0.1.11' ],
39 silly audit   '@snazzah/davey-linux-x64-gnu': [ '0.1.11' ],
39 silly audit   '@snazzah/davey-linux-x64-musl': [ '0.1.11' ],
39 silly audit   '@snazzah/davey-wasm32-wasi': [ '0.1.11' ],
39 silly audit   '@snazzah/davey-win32-arm64-msvc': [ '0.1.11' ],
39 silly audit   '@snazzah/davey-win32-ia32-msvc': [ '0.1.11' ],
39 silly audit   '@snazzah/davey-win32-x64-msvc': [ '0.1.11' ],
39 silly audit   '@tybys/wasm-util': [ '0.10.1' ],
39 silly audit   '@types/node': [ '25.6.0', '10.17.60' ],
39 silly audit   '@types/ws': [ '8.18.1' ],
39 silly audit   '@vladfrangu/async_event_emitter': [ '2.4.7' ],
39 silly audit   accepts: [ '2.0.0' ],
39 silly audit   'agent-base': [ '7.1.4', '6.0.2' ],
39 silly audit   b4a: [ '1.8.0' ],
39 silly audit   'bare-addon-resolve': [ '1.10.0' ],
39 silly audit   'bare-ansi-escapes': [ '2.2.3' ],
39 silly audit   'bare-assert': [ '1.2.0' ],
39 silly audit   'bare-events': [ '2.8.2' ],
39 silly audit   'bare-inspect': [ '3.1.4' ],
39 silly audit   'bare-module-resolve': [ '1.12.1' ],
39 silly audit   'bare-semver': [ '1.0.3' ],
39 silly audit   'bare-stream': [ '2.13.0' ],
39 silly audit   'bare-type': [ '1.1.0' ],
39 silly audit   'body-parser': [ '2.2.2' ],
39 silly audit   'buffer-from': [ '1.1.2' ],
39 silly audit   bytes: [ '3.1.2' ],
39 silly audit   'call-bind-apply-helpers': [ '1.0.2' ],
39 silly audit   'call-bound': [ '1.0.4' ],
39 silly audit   caseless: [ '0.12.0' ],
39 silly audit   'concat-stream': [ '2.0.0' ],
39 silly audit   'content-disposition': [ '1.1.0' ],
39 silly audit   'content-type': [ '1.0.5' ],
39 silly audit   cookie: [ '0.7.2' ],
39 silly audit   'cookie-signature': [ '1.2.2' ],
39 silly audit   debug: [ '4.4.3' ],
39 silly audit   depd: [ '2.0.0' ],
39 silly audit   'discord-api-types': [ '0.38.47' ],
39 silly audit   'discord.js': [ '14.26.3' ],
39 silly audit   'dunder-proto': [ '1.0.1' ],
39 silly audit   'ee-first': [ '1.1.1' ],
39 silly audit   encodeurl: [ '2.0.0' ],
39 silly audit   'env-paths': [ '2.2.1' ],
39 silly audit   'es-define-property': [ '1.0.1' ],
39 silly audit   'es-errors': [ '1.3.0' ],
39 silly audit   'es-object-atoms': [ '1.1.1' ],
39 silly audit   'escape-html': [ '1.0.3' ],
39 silly audit   etag: [ '1.8.1' ],
39 silly audit   'events-universal': [ '1.0.1' ],
39 silly audit   express: [ '5.2.1' ],
39 silly audit   'fast-deep-equal': [ '3.1.3' ],
39 silly audit   'fast-fifo': [ '1.3.2' ],
39 silly audit   'ffmpeg-static': [ '5.3.0' ],
39 silly audit   'https-proxy-agent': [ '5.0.1', '7.0.6' ],
39 silly audit   finalhandler: [ '2.1.1' ],
39 silly audit   forwarded: [ '0.2.0' ],
39 silly audit   fresh: [ '2.0.0' ],
39 silly audit   'function-bind': [ '1.1.2' ],
39 silly audit   'get-intrinsic': [ '1.3.0' ],
39 silly audit   'get-proto': [ '1.0.1' ],
39 silly audit   gopd: [ '1.2.0' ],
39 silly audit   'has-symbols': [ '1.1.0' ],
39 silly audit   hasown: [ '2.0.3' ],
39 silly audit   'http-errors': [ '2.0.1' ],
39 silly audit   'http-response-object': [ '3.0.2' ],
39 silly audit   'iconv-lite': [ '0.7.2' ],
39 silly audit   inherits: [ '2.0.4' ],
39 silly audit   'ipaddr.js': [ '1.9.1' ],
39 silly audit   'is-promise': [ '4.0.0' ],
39 silly audit   libsodium: [ '0.8.4' ],
39 silly audit   'libsodium-wrappers': [ '0.8.4' ],
39 silly audit   lodash: [ '4.18.1' ],
39 silly audit   'lodash.snakecase': [ '4.1.1' ],
39 silly audit   m3u8stream: [ '0.8.6' ],
39 silly audit   'magic-bytes.js': [ '1.13.0' ],
39 silly audit   'math-intrinsics': [ '1.1.0' ],
39 silly audit   'media-typer': [ '1.1.0' ],
39 silly audit   'merge-descriptors': [ '2.0.0' ],
39 silly audit   'mime-db': [ '1.54.0' ],
39 silly audit   'mime-types': [ '3.0.2' ],
39 silly audit   miniget: [ '4.2.3' ],
39 silly audit   ms: [ '2.1.3' ],
39 silly audit   negotiator: [ '1.0.0' ],
39 silly audit   'object-inspect': [ '1.13.4' ],
39 silly audit   'on-finished': [ '2.4.1' ],
39 silly audit   once: [ '1.4.0' ],
39 silly audit   opusscript: [ '0.0.8' ],
39 silly audit   'parse-cache-control': [ '1.0.1' ],
39 silly audit   parseurl: [ '1.3.3' ],
39 silly audit   'path-to-regexp': [ '8.4.2' ],
39 silly audit   'prism-media': [ '1.3.5' ],
39 silly audit   progress: [ '2.0.3' ],
39 silly audit   'proxy-addr': [ '2.0.7' ],
39 silly audit   qs: [ '6.15.1' ],
39 silly audit   'range-parser': [ '1.2.1' ],
39 silly audit   'raw-body': [ '3.0.2' ],
39 silly audit   'readable-stream': [ '3.6.2' ],
39 silly audit   'require-addon': [ '1.2.0' ],
39 silly audit   router: [ '2.2.0' ],
39 silly audit   'safe-buffer': [ '5.2.1' ],
39 silly audit   'safer-buffer': [ '2.1.2' ],
39 silly audit   sax: [ '1.6.0' ],
39 silly audit   send: [ '1.2.1' ],
39 silly audit   'serve-static': [ '2.2.1' ],
39 silly audit   setprototypeof: [ '1.2.0' ],
39 silly audit   'side-channel': [ '1.1.0' ],
39 silly audit   'side-channel-list': [ '1.0.1' ],
39 silly audit   'side-channel-map': [ '1.0.1' ],
39 silly audit   'side-channel-weakmap': [ '1.0.2' ],
39 silly audit   'sodium-native': [ '5.1.0' ],
39 silly audit   statuses: [ '2.0.2' ],
39 silly audit   streamx: [ '2.25.0' ],
39 silly audit   string_decoder: [ '1.3.0' ],
39 silly audit   teex: [ '1.0.1' ],
39 silly audit   'text-decoder': [ '1.2.7' ],
39 silly audit   tldts: [ '6.1.86' ],
39 silly audit   'tldts-core': [ '6.1.86' ],
39 silly audit   toidentifier: [ '1.0.1' ],
39 silly audit   'tough-cookie': [ '5.1.2' ],
39 silly audit   'ts-mixer': [ '6.0.4' ],
39 silly audit   tslib: [ '2.8.1' ],
39 silly audit   'type-is': [ '2.0.1' ],
39 silly audit   typedarray: [ '0.0.6' ],
39 silly audit   'undici-types': [ '7.19.2' ],
39 silly audit   unpipe: [ '1.0.0' ],
39 silly audit   'util-deprecate': [ '1.0.2' ],
39 silly audit   vary: [ '1.1.2' ],
39 silly audit   'which-runtime': [ '1.3.2' ],
39 silly audit   wrappy: [ '1.0.2' ],
39 silly audit   ws: [ '8.20.0' ],
39 silly audit   'ytdl-core': [ '4.11.5' ],
39 silly audit   'node-fetch': [ '2.7.0' ],
39 silly audit   'whatwg-url': [ '5.0.0' ],
39 silly audit   tr46: [ '0.0.3' ],
39 silly audit   'webidl-conversions': [ '3.0.1' ]
39 silly audit }
40 http cache webidl-conversions@https://registry.npmjs.org/webidl-conversions/-/webidl-conversions-3.0.1.tgz 0ms (cache hit)
41 http cache tr46@https://registry.npmjs.org/tr46/-/tr46-0.0.3.tgz 0ms (cache hit)
42 http cache whatwg-url@https://registry.npmjs.org/whatwg-url/-/whatwg-url-5.0.0.tgz 0ms (cache hit)
43 http cache node-fetch@https://registry.npmjs.org/node-fetch/-/node-fetch-2.7.0.tgz 0ms (cache hit)
44 http fetch POST 200 https://registry.npmjs.org/-/npm/v1/security/advisories/bulk 421ms
45 silly audit report {}
46 silly ADD node_modules/webidl-conversions
47 silly ADD node_modules/tr46
48 silly ADD node_modules/whatwg-url
49 silly ADD node_modules/node-fetch
50 verbose cwd /data/data/com.termux/files/home
51 verbose os Linux 5.15.153-android13-8-00022-g2c1dc99653b4-ab12782772
52 verbose node v25.8.2
53 verbose npm  v11.13.0
54 verbose exit 0
55 info ok
